2026-04-06 18:08:36 | INFO | Текущая директория: D:\web panel\backend
2026-04-06 18:08:36 | INFO | Содержимое директории: ['.env', 'ai_client.py', 'alert_engine.py', 'assign_default_roles.py', 'audit.py', 'auth.py', 'cache.py', 'database.py', 'ENV_BACKEND.txt', 'ENV_EXAMPLE.txt', 'error_monitor.py', 'inspectorhub.db', 'knowledge_semantic.py', 'main.py', 'migrate_db.py', 'models.py', 'requirements.txt', 'rostekhnadzor.db', 'routers', 'run.py', 'update_role_permissions.py', 'uploads', 'utils.py', '__init__.py', '__pycache__']
2026-04-06 18:08:36 | INFO | Python path: ['D:\\web panel', 'D:\\web panel\\backend', 'C:\\Users\\mikja\\AppData\\Local\\Programs\\Python\\Python312\\python312.zip', 'C:\\Users\\mikja\\AppData\\Local\\Programs\\Python\\Python312\\DLLs', 'C:\\Users\\mikja\\AppData\\Local\\Programs\\Python\\Python312\\Lib', 'C:\\Users\\mikja\\AppData\\Local\\Programs\\Python\\Python312', 'C:\\Users\\mikja\\AppData\\Local\\Programs\\Python\\Python312\\Lib\\site-packages', '__editable__.cascade_sales_platform-0.1.0.finder.__path_hook__']
2026-04-06 18:08:36 | INFO | Попытка импорта main...
2026-04-06 18:08:40 | INFO | \u2713 Импорт main успешен
2026-04-06 18:08:40 | INFO | Запуск uvicorn на порту 8000...
INFO:     Started server process [19748]
INFO:     Waiting for application startup.
2026-04-06 18:08:41 | INFO | Applied cleanup for broken act_violations links
2026-04-06 18:08:41 | INFO | \u2713 Database tables initialized successfully
2026-04-06 18:08:41 | INFO | РЎРѕР·РґР°РЅРёРµ РїРѕР»СЊР·РѕРІР°С‚РµР»СЏ admin...
2026-04-06 18:08:41 | INFO | вњ“ РџРѕР»СЊР·РѕРІР°С‚РµР»СЊ admin СЃРѕР·РґР°РЅ. РџР°СЂРѕР»СЊ: СѓСЃС‚Р°РЅРѕРІР»РµРЅ РёР· ADMIN_PASSWORD
2026-04-06 18:08:41 | INFO | SLA alert engine started (interval=600s)
INFO:     Application startup complete.
INFO:     Uvicorn running on http://0.0.0.0:8000 (Press CTRL+C to quit)
2026-04-06 18:08:41 | INFO | SLA alert cycle complete: targets=0 created=0 removed=0
2026-04-06 18:09:42 | INFO | Login attempt for user: admin
2026-04-06 18:18:41 | INFO | SLA alert cycle complete: targets=0 created=0 removed=0
2026-04-06 18:25:03 | ERROR | JWT validation error: Signature has expired.
2026-04-06 18:25:03 | ERROR | JWT validation error: Signature has expired.
2026-04-06 18:25:03 | ERROR | JWT validation error: Signature has expired.
2026-04-06 18:25:03 | ERROR | JWT validation error: Signature has expired.
2026-04-06 18:28:41 | INFO | SLA alert cycle complete: targets=0 created=0 removed=0
2026-04-06 18:38:41 | INFO | SLA alert cycle complete: targets=0 created=0 removed=0
2026-04-06 18:48:41 | INFO | SLA alert cycle complete: targets=0 created=0 removed=0
2026-04-06 18:58:41 | INFO | SLA alert cycle complete: targets=0 created=0 removed=0
2026-04-06 19:08:41 | INFO | SLA alert cycle complete: targets=0 created=0 removed=0
2026-04-06 19:18:41 | INFO | SLA alert cycle complete: targets=0 created=0 removed=0
2026-04-06 19:28:41 | INFO | SLA alert cycle complete: targets=0 created=0 removed=0
2026-04-06 19:38:41 | INFO | SLA alert cycle complete: targets=0 created=0 removed=0
2026-04-06 19:48:41 | INFO | SLA alert cycle complete: targets=0 created=0 removed=0
2026-04-06 19:58:41 | INFO | SLA alert cycle complete: targets=0 created=0 removed=0
2026-04-06 20:08:42 | INFO | SLA alert cycle complete: targets=0 created=0 removed=0
2026-04-06 20:18:42 | INFO | SLA alert cycle complete: targets=0 created=0 removed=0
2026-04-06 20:28:42 | INFO | SLA alert cycle complete: targets=0 created=0 removed=0
2026-04-06 20:38:42 | INFO | SLA alert cycle complete: targets=0 created=0 removed=0
2026-04-06 20:48:42 | INFO | SLA alert cycle complete: targets=0 created=0 removed=0
2026-04-06 20:58:42 | INFO | SLA alert cycle complete: targets=0 created=0 removed=0
2026-04-06 21:08:42 | INFO | SLA alert cycle complete: targets=0 created=0 removed=0
2026-04-06 21:18:42 | INFO | SLA alert cycle complete: targets=0 created=0 removed=0
2026-04-06 21:28:42 | INFO | SLA alert cycle complete: targets=0 created=0 removed=0
2026-04-06 21:38:42 | INFO | SLA alert cycle complete: targets=0 created=0 removed=0
